// Jest Snapshot v1, https://goo.gl/fbAQLP

exports[`<Home /> renders <Home /> component 1`] = `
<Home
  auth={
    Object {
      "user": Object {
        "id": 1,
        "star": "gh",
      },
    }
  }
  books={
    Array [
      Object {
        "cover": "xcgvhjkhcvbkjhgcvbjhcv",
        "description": "a boy from the village who finally went to school",
        "genre": "eductaional",
        "id": 1,
        "pdf": "cghjklhgcfhgjkhgjh",
        "quantity": 1,
        "title": "eze goes to school",
      },
    ]
  }
  borrowedBooks={
    Array [
      Object {},
    ]
  }
  fetching={false}
  getBooks={
    [MockFunction] {
      "calls": Array [
        Array [],
      ],
    }
  }
  userId={1}
>
  <div
    className="mdl-grid "
  >
    <div
      className="mdl-cell mdl-cell--1-col"
    />
    <div
      className="mdl-cell mdl-cell--10-col"
    >
      <div
        className="mdl-grid "
      >
        <div
          className="mdl-cell mdl-cell--2-col"
        />
      </div>
      <div
        className="contents"
      >
        <span
          className="star"
        >
          Membership level: 
          gh
        </span>
        <h5>
          All Books
        </h5>
        <hr />
      </div>
      <div
        className="ask"
      />
      <div
        className="mdl-grid"
      >
        <Books
          auth={
            Object {
              "user": Object {
                "id": 1,
                "star": "gh",
              },
            }
          }
          book={
            Object {
              "cover": "xcgvhjkhcvbkjhgcvbjhcv",
              "description": "a boy from the village who finally went to school",
              "genre": "eductaional",
              "id": 1,
              "pdf": "cghjklhgcfhgjkhgjh",
              "quantity": 1,
              "title": "eze goes to school",
            }
          }
          books={
            Array [
              Object {
                "cover": "xcgvhjkhcvbkjhgcvbjhcv",
                "description": "a boy from the village who finally went to school",
                "genre": "eductaional",
                "id": 1,
                "pdf": "cghjklhgcfhgjkhgjh",
                "quantity": 1,
                "title": "eze goes to school",
              },
            ]
          }
          borrowedBooks={
            Array [
              Object {},
            ]
          }
          fetching={false}
          getBooks={
            [MockFunction] {
              "calls": Array [
                Array [],
              ],
            }
          }
          key="1"
          userId={1}
        >
          <div
            className="mdl-cell mdl-cell--4-col"
          >
            <div
              className="demo-card-square mdl-card mdl-shadow--2dp home-card contents"
            >
              <div
                className="mdl-card__title mdl-card--expand"
              >
                <h2
                  className="mdl-card__title-text"
                >
                  eze goes to school
                </h2>
              </div>
              <img
                alt="Book cover"
                src="xcgvhjkhcvbkjhgcvbjhcv"
              />
              <div
                className="mdl-card__supporting-text"
              >
                a boy from the village who finally went to school
              </div>
              <div
                className="mdl-card__actions mdl-card--border"
              >
                <Link
                  className="
    mdl-button
    mdl-button--colored
    mdl-js-button
    mdl-js-ripple-effect
  "
                  onlyActiveOnIndex={false}
                  style={Object {}}
                  to="single/1"
                />
              </div>
            </div>
          </div>
        </Books>
      </div>
      <div
        className="mdl-grid "
      >
        <div
          className="mdl-cell mdl-cell--2-col"
        />
      </div>
    </div>
    <div
      className="mdl-cell mdl-cell--1-col"
    />
  </div>
</Home>
`;
